// Jest Snapshot v1, https://goo.gl/fbAQLP

exports[`<StartButton /> should match expected structure 1`] = `
"<div className=\\"start-button\\">
  <button className=\\"start-button__start\\" onClick={[Function: onClick]}>
    <h1 className=\\"start-button__start-label\\">
      Start
    </h1>
    <span className=\\"start-button__start-mode\\">
      Simple Retro (Delta+)
    </span>
  </button>
  <DropdownMenu isOpen={false} close={[Function]} toggle={{...}} align=\\"right\\" closeOnInsideClick={true} className=\\"start-button__dropdown-wrapper\\" inverse={false} animAlign={{...}} textAlign={{...}} menuAlign={{...}} size={{...}} upwards={false} animate={true} enterTimeout={150} leaveTimeout={150} closeOnOutsideClick={true}>
    <li>
      <button onClick={[Function]}>
        Lean Coffee
      </button>
    </li>
    <li>
      <button onClick={[Function]}>
        Simple Retro (Delta+)
      </button>
    </li>
    <li>
      <button onClick={[Function]}>
        Start, Stop, Continue
      </button>
    </li>
    <li>
      <button onClick={[Function]}>
        Mad, Sad, Glad
      </button>
    </li>
    <li>
      <button onClick={[Function]}>
        KALM (Keep, Add, Less, More)
      </button>
    </li>
  </DropdownMenu>
</div>"
`;
