// Jest Snapshot v1, https://goo.gl/fbAQLP

exports[`Templates should render correctly 1`] = `
<div>
   
  <div
    class="templates"
  >
    <div
      class="templates__stan-container"
    >
      <img
        alt="Stan just hanging there with a coffee"
        class="templates__stan templates__stan--dark"
        src="Stan_Hanging_With_Coffee_Cropped_Dark.png"
      />
      <img
        alt="Stan just hanging there with a coffee"
        class="templates__stan templates__stan--light"
        src="Stan_Hanging_With_Coffee_Cropped_Light.png"
      />
    </div>
    <section
      class="templates__container templates__container--recommended"
    >
      <header
        class="templates__container-header"
      >
        <div
          class="templates__container-title"
        >
          Our Recommendations
        </div>
      </header>
      <div
        class="templates__card-container"
      />
    </section>
  </div>
</div>
`;
