// Jest Snapshot v1, https://goo.gl/fbAQLP

exports[`Timer should render correctly 1`] = `
<div
  class="timer__container"
>
  <div
    class="timer"
    id="timer"
  >
    <div
      class="timer__progress-bar"
      style="right: calc(72px - 0.6666666666666667 * 72px);"
    />
    <span>
      02
      :
      00
    </span>
    <div
      class="timer__short-actions"
    >
      <div
        class="short-actions__short-action"
      >
        <button
          aria-label="End timer"
          class="short-action__button"
        >
          <svg>
            icon-flag.svg
          </svg>
        </button>
        <span
          class="short-action__tooltip"
        >
          End timer
        </span>
      </div>
      <div
        class="short-actions__short-action"
      >
        <button
          aria-label="Unmark me as done"
          class="short-action__button short-action__button--ready"
        >
          <svg
            class="short-action__check-icon"
          >
            icon-check.svg
          </svg>
          <svg
            class="short-action__cancel-icon"
          >
            icon-cancel.svg
          </svg>
        </button>
        <span
          class="short-action__tooltip"
        >
          Unmark me as done
        </span>
      </div>
    </div>
    <svg>
      icon-timer.svg
    </svg>
  </div>
  <div
    class="timer__increment-button"
  >
    <button
      aria-label="Increase timer by one minute"
      class="increment-button__button"
    >
      <svg>
        icon-plus-one.svg
      </svg>
    </button>
    <span
      class="increment-button__tooltip"
    >
      Increase timer by one minute
    </span>
  </div>
</div>
`;
