// Jest Snapshot v1, https://goo.gl/fbAQLP

exports[`BoardSettings should match snapshot 1`] = `
<div
  class="settings-dialog__container accent-color__backlog-blue"
>
  <header
    class="settings-dialog__header"
  >
    <h2
      class="settings-dialog__header-text"
    >
       
      SettingsDialog.BoardSettings
    </h2>
  </header>
  <div
    class="board-settings__container-wrapper"
  >
    <div
      class="board-settings__container"
    >
      <div
        class="settings-input__container"
      >
        <input
          autocomplete="off"
          id="boardSettingsBoardName"
          maxlength="128"
          placeholder="scrumlr.io"
          type="text"
          value="test-board-name"
        />
        <small
          class="settings-input__length"
        >
          15
          /
          128
        </small>
        <label
          for="boardSettingsBoardName"
        >
          BoardSettings.BoardName
        </label>
      </div>
      <div
        class="board-settings__group-and-button"
      >
        <div
          class="settings-dialog__group"
        >
          <button
            aria-label="BoardSettings.AccessPolicy"
            class="settings-option-button settings-option-button--disabled board-settings__policy-button"
            disabled=""
            type="button"
          >
            <span
              class="settings-option-button__label"
            >
              BoardSettings.AccessPolicy
            </span>
            <div
              class="board-settings__policy-button_value"
            >
              <span>
                AccessPolicySelection.publicTitle
              </span>
            </div>
          </button>
          <hr
            class="settings-dialog__separator"
          />
          <div
            class="settings-input__container"
          >
            <input
              autocomplete="off"
              class="settings-input__hidden-placeholder"
              id="boardSettingsPassword"
              placeholder="BoardSettings.Password"
              type="password"
              value=""
            />
            <label
              for="boardSettingsPassword"
            >
              BoardSettings.Password
            </label>
          </div>
        </div>
        <button
          class="board-settings__password-management-button board-settings__generate-password-button"
        >
          <svg>
            icon-refresh.svg
          </svg>
          <span
            class="board-settings__password-management-text"
          >
            BoardSettings.generatePassword
          </span>
        </button>
      </div>
      <div
        class="settings-dialog__group"
      >
        <button
          aria-checked="true"
          aria-label="BoardSettings.ShowAuthorOption"
          class="settings-option-button board-settings__show-author-button"
          data-testid="author"
          role="switch"
          type="button"
        >
          <span
            class="settings-option-button__label"
          >
            BoardSettings.ShowAuthorOption
          </span>
          <div
            class="board-settings__show-author-value"
          >
            <div
              class="toggle toggle--active"
            />
          </div>
        </button>
        <hr
          class="settings-dialog__separator"
        />
        <button
          aria-checked="true"
          aria-label="BoardSettings.ShowOtherUsersNotesOption"
          class="settings-option-button board-settings__show-notes-button"
          data-testid="notes"
          role="switch"
          type="button"
        >
          <span
            class="settings-option-button__label"
          >
            BoardSettings.ShowOtherUsersNotesOption
          </span>
          <div
            class="board-settings__show-notes-value"
          >
            <div
              class="toggle toggle--active"
            />
          </div>
        </button>
        <button
          aria-checked="true"
          aria-label="BoardSettings.ShowNoteReactionsOptions"
          class="settings-option-button board-settings__show-reactions-button"
          data-testid="reactions"
          role="switch"
          type="button"
        >
          <span
            class="settings-option-button__label"
          >
            BoardSettings.ShowNoteReactionsOptions
          </span>
          <div
            class="board-settings__show-reactions-value"
          >
            <div
              class="toggle toggle--active"
            />
          </div>
        </button>
        <hr
          class="settings-dialog__separator"
        />
        <button
          aria-checked="false"
          aria-label="BoardSettings.ShowHiddenColumnsOption"
          class="settings-option-button board-settings__show-columns-button"
          data-testid="columns"
          role="switch"
          type="button"
        >
          <span
            class="settings-option-button__label"
          >
            BoardSettings.ShowHiddenColumnsOption
          </span>
          <div
            class="board-settings__show-columns-value"
          >
            <div
              class="toggle"
            />
          </div>
        </button>
        <hr
          class="settings-dialog__separator"
        />
        <button
          aria-checked="true"
          aria-label="BoardSettings.AllowNoteRepositioningOption"
          class="settings-option-button board-settings__allow-note-repositioning-button"
          data-testid="note-repositioning"
          role="switch"
          type="button"
        >
          <span
            class="settings-option-button__label"
          >
            BoardSettings.AllowNoteRepositioningOption
          </span>
          <div
            class="board-settings__allow-note-repositioning-value"
          >
            <div
              class="toggle toggle--active"
            />
          </div>
        </button>
      </div>
      <button
        aria-label="BoardSettings.DeleteBoard"
        class="settings-option-button board-settings__delete-button"
        type="button"
      >
        <span
          class="settings-option-button__label"
        >
          BoardSettings.DeleteBoard
        </span>
        <svg
          class="settings-option-button__icon"
        >
          icon-delete.svg
        </svg>
      </button>
    </div>
  </div>
</div>
`;
