// Jest Snapshot v1, https://goo.gl/fbAQLP

exports[`Note should have correct style show note with correct style 1`] = `
<li
  class="note"
>
  <div
    class="note__content"
  >
    <p
      class="note__text"
    >
      Test Text
    </p>
    <svg
      class="note__edit"
    >
      icon-edit.svg
    </svg>
  </div>
  <footer
    class="note__footer"
  >
    <figure
      aria-roledescription="author"
      class="note__author"
    >
      <img
        alt="User"
        class="note__author-image"
        src="avatar.png"
      />
      <figcaption
        class="note__author-name"
      />
    </figure>
  </footer>
</li>
`;
