// Jest Snapshot v1, https://goo.gl/fbAQLP

exports[`Column should have correct style show column with correct style 1`] = `
<section
  class="column accent-color__planning-pink"
>
  <div
    class="column__content"
  >
    <header
      class="column__header"
    >
      <div
        class="column__header-title"
      >
        <h2
          class="column__header-text"
        >
          Testheader
        </h2>
        <span
          class="column__header-card-number"
        >
          0
        </span>
      </div>
      <div
        class="MuiInputBase-root MuiFilledInput-root NoteInput-root-15 MuiFilledInput-underline MuiInputBase-adornedEnd MuiFilledInput-adornedEnd"
      >
        <input
          class="MuiInputBase-input MuiFilledInput-input NoteInput-input-16 MuiInputBase-inputAdornedEnd MuiFilledInput-inputAdornedEnd"
          placeholder="Add your note..."
          type="text"
          value=""
        />
        <div
          class="MuiInputAdornment-root MuiInputAdornment-positionEnd"
        >
          <svg
            class="note-input__icon"
          >
            icon-add.svg
          </svg>
        </div>
      </div>
    </header>
    <div
      class="column__notes-wrapper"
    >
      <ul
        class="column__note-list"
      />
    </div>
  </div>
</section>
`;
