// Jest Snapshot v1, https://goo.gl/fbAQLP

exports[`<UserVotes /> should have default values 1`] = `
Object {
  "votes": 0,
}
`;
