// Jest Snapshot v1, https://goo.gl/fbAQLP

exports[`Note Input should render correctly 1`] = `
<form
  class="note-input"
>
  <textarea
    class="note-input__input"
    id="note-input-TestID"
    maxlength="1024"
    placeholder="Add your note..."
    rows="1"
    style="overflow-x: hidden; word-wrap: break-word; overflow-y: hidden;"
  />
  <div
    class="note-input__emoji-suggestions"
  />
  <button
    aria-label="Create note"
    class="note-input__add-button"
    tabindex="-1"
    type="submit"
  >
    <svg
      class="note-input__icon--add"
    >
      icon-add.svg
    </svg>
  </button>
</form>
`;
