// Jest Snapshot v1, https://goo.gl/fbAQLP

exports[`ColumnsConfigurator should render correctly 1`] = `
<div>
  <div
    class="test-columns-configurator columns-configurator accent-color__backlog-blue"
  >
    <div
      class="add-template-column add-template-column--left accent-color__online-orange"
    >
      <button
        class="add-template-column__button"
      >
        <svg
          class="add-template-column__icon"
        >
          add-column.svg
        </svg>
      </button>
    </div>
    <div
      class="columns-configurator__columns-wrapper"
    >
      <div
        aria-describedby="DndDescribedBy-0"
        aria-disabled="false"
        aria-roledescription="sortable"
        class="columns-configurator__column columns-configurator-column columns-configurator-column--border-first columns-configurator-column--even accent-color__backlog-blue"
        role="button"
        style="--stripe-offset: 0px;"
        tabindex="0"
      >
        <div
          class="columns-configurator-column__name-details column-configurator-column-name-details__name-wrapper"
        >
          <input
            autocomplete="off"
            class="column-configurator-column-name-details__name"
            placeholder="Name"
            value="sample templates col name 1"
          />
          <div
            class="column-configurator-column-name-details__inline-description"
            role="button"
            tabindex="0"
          >
            sample templates col name 1
          </div>
        </div>
        <div
          class="columns-configurator-column__menu"
        >
          <svg
            class="columns-configurator-column__icon columns-configurator-column__icon--dnd columns-configurator-column__drag-element"
            data-cy="columns-configurator-column__drag-element"
          >
            drag-and-drop.svg
          </svg>
          <span
            aria-label="current colorBacklog Blue"
            class="columns-configurator-column__color-picker columns-configurator-column__color-picker--column-first color-picker__color-option color-picker__color-option--selected"
            data-cy="columns-configurator-column__color-picker"
            role="button"
            tabindex="0"
          />
          <button
            class="columns-configurator-column__button column-configurator-column__visibility-button"
          >
            <svg
              class="columns-configurator-column__icon columns-configurator-column__icon--visible"
              data-cy="columns-configurator-column__icon--visibility"
            >
              visible.svg
            </svg>
          </button>
          <button
            class="columns-configurator-column__button column-configurator-column__delete-button"
          >
            <svg
              class="columns-configurator-column__icon columns-configurator-column__icon--delete"
            >
              trash.svg
            </svg>
          </button>
        </div>
      </div>
      <div
        aria-describedby="DndDescribedBy-0"
        aria-disabled="false"
        aria-roledescription="sortable"
        class="columns-configurator__column columns-configurator-column columns-configurator-column--border-last columns-configurator-column--odd columns-configurator-column--hidden accent-color__planning-pink"
        role="button"
        style="--stripe-offset: 0px;"
        tabindex="0"
      >
        <div
          class="columns-configurator-column__name-details column-configurator-column-name-details__name-wrapper"
        >
          <input
            autocomplete="off"
            class="column-configurator-column-name-details__name"
            placeholder="Name"
            value="sample templates col name 2"
          />
          <div
            class="column-configurator-column-name-details__inline-description"
            role="button"
            tabindex="0"
          >
            sample templates col name 2
          </div>
        </div>
        <div
          class="columns-configurator-column__menu"
        >
          <svg
            class="columns-configurator-column__icon columns-configurator-column__icon--dnd columns-configurator-column__drag-element"
            data-cy="columns-configurator-column__drag-element"
          >
            drag-and-drop.svg
          </svg>
          <span
            aria-label="current colorPlanning Pink"
            class="columns-configurator-column__color-picker columns-configurator-column__color-picker--column-last color-picker__color-option color-picker__color-option--selected"
            data-cy="columns-configurator-column__color-picker"
            role="button"
            tabindex="0"
          />
          <button
            class="columns-configurator-column__button column-configurator-column__visibility-button"
          >
            <svg
              class="columns-configurator-column__icon columns-configurator-column__icon--hidden"
              data-cy="columns-configurator-column__icon--visibility"
            >
              hidden.svg
            </svg>
          </button>
          <button
            class="columns-configurator-column__button column-configurator-column__delete-button"
          >
            <svg
              class="columns-configurator-column__icon columns-configurator-column__icon--delete"
            >
              trash.svg
            </svg>
          </button>
        </div>
      </div>
    </div>
    <div
      class="add-template-column add-template-column--right accent-color__poker-purple"
    >
      <button
        class="add-template-column__button"
      >
        <svg
          class="add-template-column__icon"
        >
          add-column.svg
        </svg>
      </button>
    </div>
  </div>
  <div
    id="DndDescribedBy-0"
    style="display: none;"
  >
    
    To pick up a draggable item, press the space bar.
    While dragging, use the arrow keys to move the item.
    Press space again to drop the item in its new position, or press escape to cancel.
  
  </div>
  <div
    aria-atomic="true"
    aria-live="assertive"
    id="DndLiveRegion-0"
    role="status"
    style="position: fixed; top: 0px; left: 0px; width: 1px; height: 1px; margin: -1px; border: 0px; padding: 0px; overflow: hidden; clip-path: inset(100%); white-space: nowrap;"
  />
</div>
`;
