// Jest Snapshot v1, https://goo.gl/fbAQLP

exports[`<NoteDialog/> should render correctly note-dialog match snapshot 1`] = `
<div
  class="note-dialog accent-color__"
>
  <h2
    class="note-dialog__header"
  />
  <div
    class="note-dialog__scrollbar"
  >
    <div
      class="note-dialog__note-wrapper"
    >
      <div
        class="note-dialog__note"
      >
        <div
          class="note-dialog__note-content"
        >
          <blockquote
            class="note-dialog__note-content__text"
            contenteditable="false"
          >
            Test Text
          </blockquote>
        </div>
        <div
          class="note-dialog__note-footer"
        >
          <figure
            class="note-dialog__note-author"
          >
            <div
              class="user-avatar note-dialog__note-user-avatar"
            >
              <div
                class="user__initials"
                title=""
              />
            </div>
            <figcaption
              class="note-dialog__note-author-name"
            />
          </figure>
          <div
            class="note-dialog__note-footer__options-and-votes"
          >
            <div
              class="votes"
            >
              <button
                class="dot-button vote-button-remove"
              >
                <span
                  class="vote-button-remove__folded-corner"
                />
                <span>
                  1
                </span>
              </button>
              <button
                class="dot-button vote-button-add"
              >
                <svg
                  class="vote-button-add__icon"
                >
                  icon-add.svg
                </svg>
              </button>
            </div>
            <ul
              class="note-dialog__note-options"
            />
          </div>
        </div>
      </div>
      <div
        class="note-dialog__note"
      >
        <div
          class="note-dialog__note-content"
        >
          <blockquote
            class="note-dialog__note-content__text"
            contenteditable="false"
          />
        </div>
        <div
          class="note-dialog__note-footer"
        >
          <figure
            class="note-dialog__note-author"
          >
            <div
              class="user-avatar note-dialog__note-user-avatar"
            >
              <div
                class="user__initials"
                title=""
              />
            </div>
            <figcaption
              class="note-dialog__note-author-name"
            />
          </figure>
          <div
            class="note-dialog__note-footer__options-and-votes"
          >
            <div
              class="votes"
            >
              <button
                class="dot-button vote-button-add"
              >
                <svg
                  class="vote-button-add__icon"
                >
                  icon-add.svg
                </svg>
              </button>
            </div>
            <ul
              class="note-dialog__note-options"
            >
              <li
                class="note-dialog__note-option"
              >
                <button
                  class="dot-button note-dialog__note-option__unstack"
                >
                  <svg
                    class="note-dialog__note-option__unstack-icon"
                  >
                    icon-unstack.svg
                  </svg>
                </button>
              </li>
            </ul>
          </div>
        </div>
      </div>
      <div
        class="note-dialog__note"
      >
        <div
          class="note-dialog__note-content"
        >
          <blockquote
            class="note-dialog__note-content__text"
            contenteditable="false"
          />
        </div>
        <div
          class="note-dialog__note-footer"
        >
          <figure
            class="note-dialog__note-author"
          >
            <div
              class="user-avatar note-dialog__note-user-avatar"
            >
              <div
                class="user__initials"
                title=""
              />
            </div>
            <figcaption
              class="note-dialog__note-author-name"
            />
          </figure>
          <div
            class="note-dialog__note-footer__options-and-votes"
          >
            <div
              class="votes"
            >
              <button
                class="dot-button vote-button-add"
              >
                <svg
                  class="vote-button-add__icon"
                >
                  icon-add.svg
                </svg>
              </button>
            </div>
            <ul
              class="note-dialog__note-options"
            >
              <li
                class="note-dialog__note-option"
              >
                <button
                  class="dot-button note-dialog__note-option__unstack"
                >
                  <svg
                    class="note-dialog__note-option__unstack-icon"
                  >
                    icon-unstack.svg
                  </svg>
                </button>
              </li>
            </ul>
          </div>
        </div>
      </div>
    </div>
  </div>
</div>
`;
