// Jest Snapshot v1, https://goo.gl/fbAQLP

exports[`Note Input should have correct style show noteinput with correct style 1`] = `
<div
  class="MuiInputBase-root MuiFilledInput-root NoteInput-root-3 MuiFilledInput-underline MuiInputBase-adornedEnd MuiFilledInput-adornedEnd"
>
  <input
    class="MuiInputBase-input MuiFilledInput-input NoteInput-input-4 MuiInputBase-inputAdornedEnd MuiFilledInput-inputAdornedEnd"
    placeholder="Add your note..."
    type="text"
    value=""
  />
  <div
    class="MuiInputAdornment-root MuiInputAdornment-positionEnd"
  >
    <svg
      class="note-input__icon"
    >
      icon-add.svg
    </svg>
  </div>
</div>
`;
